// Jest Snapshot v1, https://goo.gl/fbAQLP

exports[`CustomInput should render correctly  1`] = `
<input
  className="sc-bdfBwQ jXMrTF"
/>
`;
